// Jest Snapshot v1, https://goo.gl/fbAQLP

exports[`runWithOptions exec should be called with correct args 1`] = `
Array [
  Array [
    "git remote rm origin",
    Object {
      "cwd": "/myHomeDir/.backport/repositories/elastic/kibana",
    },
  ],
  Array [
    "git remote rm sqren",
    Object {
      "cwd": "/myHomeDir/.backport/repositories/elastic/kibana",
    },
  ],
  Array [
    "git remote add sqren https://myAccessToken@github.com/sqren/kibana.git",
    Object {
      "cwd": "/myHomeDir/.backport/repositories/elastic/kibana",
    },
  ],
  Array [
    "git remote rm elastic",
    Object {
      "cwd": "/myHomeDir/.backport/repositories/elastic/kibana",
    },
  ],
  Array [
    "git remote add elastic https://myAccessToken@github.com/elastic/kibana.git",
    Object {
      "cwd": "/myHomeDir/.backport/repositories/elastic/kibana",
    },
  ],
  Array [
    "git reset --hard && git clean -d --force && git fetch elastic 6.x && git checkout -B backport/6.x/commit-2e63475c elastic/6.x --no-track",
    Object {
      "cwd": "/myHomeDir/.backport/repositories/elastic/kibana",
    },
  ],
  Array [
    "git fetch elastic mySourceBranch:mySourceBranch --force",
    Object {
      "cwd": "/myHomeDir/.backport/repositories/elastic/kibana",
    },
  ],
  Array [
    "git cherry-pick 2e63475c483f7844b0f2833bc57fdee32095bacb",
    Object {
      "cwd": "/myHomeDir/.backport/repositories/elastic/kibana",
    },
  ],
  Array [
    "git push sqren backport/6.x/commit-2e63475c:backport/6.x/commit-2e63475c --force",
    Object {
      "cwd": "/myHomeDir/.backport/repositories/elastic/kibana",
    },
  ],
  Array [
    "git checkout mySourceBranch && git branch -D backport/6.x/commit-2e63475c",
    Object {
      "cwd": "/myHomeDir/.backport/repositories/elastic/kibana",
    },
  ],
]
`;

exports[`runWithOptions git clone should be called with correct args 1`] = `
Array [
  Array [
    "git clone https://myAccessToken@github.com/elastic/kibana.git --progress",
    Object {
      "cwd": "/myHomeDir/.backport/repositories/elastic",
      "maxBuffer": 104857600,
    },
    [Function],
  ],
]
`;

exports[`runWithOptions prompt calls should match snapshot 1`] = `
Array [
  Array [
    Object {
      "choices": Array [
        Object {
          "commit": Object {
            "existingTargetPullRequests": Array [],
            "formattedMessage": "Add ðŸ‘» (2e63475c)",
            "pullNumber": undefined,
            "selectedTargetBranches": Array [],
            "sha": "2e63475c483f7844b0f2833bc57fdee32095bacb",
            "sourceBranch": "mySourceBranch",
          },
          "displayLong": "Add ðŸ‘» (2e63475c)",
          "displayShort": "2e63475c",
          "enabled": false,
          "name": "Add ðŸ‘» (2e63475c) ",
        },
        Object {
          "commit": Object {
            "existingTargetPullRequests": Array [],
            "formattedMessage": "Add witch (#85)",
            "pullNumber": 85,
            "selectedTargetBranches": Array [],
            "sha": "f3b618b9421fdecdb36862f907afbdd6344b361d",
            "sourceBranch": "mySourceBranch",
          },
          "displayLong": "Add witch (#85)",
          "displayShort": "#85",
          "enabled": false,
          "name": "Add witch (#85) ",
        },
        Object {
          "commit": Object {
            "existingTargetPullRequests": Array [
              Object {
                "branch": "6.3",
                "state": "MERGED",
              },
            ],
            "formattedMessage": "Add SF mention (#80)",
            "pullNumber": 80,
            "selectedTargetBranches": Array [],
            "sha": "79cf18453ec32a4677009dcbab1c9c8c73fc14fe",
            "sourceBranch": "mySourceBranch",
          },
          "displayLong": "Add SF mention (#80)",
          "displayShort": "#80",
          "enabled": false,
          "name": "Add SF mention (#80) 6.3",
        },
        Object {
          "commit": Object {
            "existingTargetPullRequests": Array [],
            "formattedMessage": "Add backport config (3827bbba)",
            "pullNumber": undefined,
            "selectedTargetBranches": Array [],
            "sha": "3827bbbaf39914eda4f02f6940189844375fd097",
            "sourceBranch": "mySourceBranch",
          },
          "displayLong": "Add backport config (3827bbba)",
          "displayShort": "3827bbba",
          "enabled": false,
          "name": "Add backport config (3827bbba) ",
        },
        Object {
          "commit": Object {
            "existingTargetPullRequests": Array [],
            "formattedMessage": "Initial commit (5ea0da55)",
            "pullNumber": undefined,
            "selectedTargetBranches": Array [],
            "sha": "5ea0da550ac191029459289d67f99ad7d310812b",
            "sourceBranch": "mySourceBranch",
          },
          "displayLong": "Initial commit (5ea0da55)",
          "displayShort": "5ea0da55",
          "enabled": false,
          "name": "Initial commit (5ea0da55) ",
        },
      ],
      "isMultiple": false,
      "message": "Select commit",
    },
  ],
  Array [
    Object {
      "choices": Array [
        Object {
          "displayLong": "6.x",
          "displayShort": "6.x",
          "enabled": undefined,
          "name": "6.x",
        },
        Object {
          "displayLong": "6.0",
          "displayShort": "6.0",
          "enabled": undefined,
          "name": "6.0",
        },
        Object {
          "displayLong": "5.6",
          "displayShort": "5.6",
          "enabled": undefined,
          "name": "5.6",
        },
        Object {
          "displayLong": "5.5",
          "displayShort": "5.5",
          "enabled": undefined,
          "name": "5.5",
        },
        Object {
          "displayLong": "5.4",
          "displayShort": "5.4",
          "enabled": undefined,
          "name": "5.4",
        },
      ],
      "isMultiple": false,
      "message": "Select branch",
    },
  ],
]
`;
